--------------------------------------------------------------------------------
[Mar 09, 2025 5:56:44.5 PM GMT:ERROR:get_ui_cards.cc(94)] Unexpected status code: 429
[Mar 09, 2025 5:56:44.6 PM GMT:ERROR:refill_confirmation_tokens.cc(198)] Failed to get signed tokens
[Mar 09, 2025 5:56:45.0 PM GMT:ERROR:get_ui_cards.cc(94)] Unexpected status code: 429
[Mar 09, 2025 5:56:45.4 PM GMT:ERROR:get_ui_cards.cc(94)] Unexpected status code: 429
[Mar 09, 2025 5:58:02.3 PM GMT:ERROR:refill_confirmation_tokens.cc(198)] Failed to get signed tokens
--------------------------------------------------------------------------------
[Mar 10, 2025 6:41:44.3 AM GMT:ERROR:redeem_reward_confirmation.cc(167)] Payment token is not ready
[Mar 11, 2025 6:21:33.4 AM GMT:ERROR:redeem_payment_tokens.cc(100)] Failed to redeem payment tokens
--------------------------------------------------------------------------------
[Mar 11, 2025 5:06:45.6 PM GMT:ERROR:refill_confirmation_tokens.cc(198)] Failed to get signed tokens
[Mar 11, 2025 9:07:22.9 PM GMT:ERROR:rewards_service_impl.cc(294)] Restarting engine process after disconnect
--------------------------------------------------------------------------------
[Mar 13, 2025 6:12:09.3 AM GMT:ERROR:redeem_payment_tokens.cc(100)] Failed to redeem payment tokens
--------------------------------------------------------------------------------
[Mar 13, 2025 6:15:02.1 PM GMT:ERROR:rewards_service_impl.cc(294)] Restarting engine process after disconnect
--------------------------------------------------------------------------------
[Mar 15, 2025 8:56:58.5 AM GMT:ERROR:url_loader.cc(130)] Network error: net::ERR_NAME_NOT_RESOLVED
[Mar 15, 2025 8:56:58.5 AM GMT:ERROR:get_card.cc(43)] Unexpected HTTP status: -1
[Mar 15, 2025 8:56:58.5 AM GMT:ERROR:wallet_provider.cc(95)] Failed to get uphold balance
[Mar 15, 2025 8:56:58.5 AM GMT:ERROR:wallet_balance.cc(58)] Failed to fetch balance for uphold wallet
--------------------------------------------------------------------------------
[Mar 15, 2025 2:27:49.5 PM GMT:ERROR:refill_confirmation_tokens.cc(198)] Failed to get signed tokens
[Mar 16, 2025 6:53:09.5 AM GMT:ERROR:redeem_payment_tokens.cc(100)] Failed to redeem payment tokens
[Mar 17, 2025 7:00:52.7 AM GMT:ERROR:creative_new_tab_page_ads_database_table.cc(242)] Failed to get creative new tab page ad
[Mar 17, 2025 11:47:43.9 AM GMT:ERROR:refill_confirmation_tokens.cc(198)] Failed to get signed tokens
[Mar 19, 2025 6:58:58.4 AM GMT:ERROR:creative_new_tab_page_ads_database_table.cc(242)] Failed to get creative new tab page ad
[Mar 20, 2025 6:45:08.8 AM GMT:ERROR:creative_new_tab_page_ads_database_table.cc(242)] Failed to get creative new tab page ad
[Mar 21, 2025 6:48:01.5 AM GMT:ERROR:redeem_payment_tokens.cc(100)] Failed to redeem payment tokens
[Mar 22, 2025 7:22:51.5 AM GMT:ERROR:redeem_payment_tokens.cc(100)] Failed to redeem payment tokens
[Mar 22, 2025 4:17:23.7 PM GMT:ERROR:refill_confirmation_tokens.cc(198)] Failed to get signed tokens
[Mar 23, 2025 7:51:10.9 AM GMT:ERROR:creative_new_tab_page_ads_database_table.cc(242)] Failed to get creative new tab page ad
[Mar 24, 2025 6:14:10.5 AM GMT:ERROR:redeem_payment_tokens.cc(100)] Failed to redeem payment tokens
[Mar 25, 2025 6:18:32.9 AM GMT:ERROR:creative_new_tab_page_ads_database_table.cc(242)] Failed to get creative new tab page ad
[Mar 26, 2025 5:39:11.6 PM GMT:ERROR:refill_confirmation_tokens.cc(198)] Failed to get signed tokens
[Mar 27, 2025 6:16:19.4 AM GMT:ERROR:redeem_payment_tokens.cc(100)] Failed to redeem payment tokens
[Mar 28, 2025 6:23:07.5 AM GMT:ERROR:redeem_payment_tokens.cc(100)] Failed to redeem payment tokens
[Mar 28, 2025 6:06:54.0 PM GMT:ERROR:rewards_service_impl.cc(294)] Restarting engine process after disconnect
--------------------------------------------------------------------------------
[Mar 29, 2025 7:16:39.5 AM GMT:ERROR:redeem_payment_tokens.cc(100)] Failed to redeem payment tokens
[Mar 29, 2025 7:28:09.0 AM GMT:ERROR:creative_new_tab_page_ads_database_table.cc(242)] Failed to get creative new tab page ad
[Mar 30, 2025 6:36:51.3 AM GMT:ERROR:creative_new_tab_page_ads_database_table.cc(242)] Failed to get creative new tab page ad
[Mar 30, 2025 4:29:10.5 PM GMT:ERROR:refill_confirmation_tokens.cc(198)] Failed to get signed tokens
[Mar 31, 2025 5:04:04.7 AM GMT:ERROR:redeem_payment_tokens.cc(100)] Failed to redeem payment tokens
